{
  "elements": {
    "nodes": [
      {
        "data": {
          "id": "107648411a3f61763d45f8433b787970",
          "cluster": "_external_",
          "infraName": "External Deployments",
          "infraType": "cluster",
          "namespace": "",
          "nodeType": "box",
          "healthData": "Healthy",
          "isBox": "cluster",
          "isExternal": true,
          "isInaccessible": true
        }
      },
      {
        "data": {
          "id": "21aa3cd669c2462251e58d3b19149ace",
          "cluster": "cluster-primary",
          "infraName": "cluster-primary",
          "infraType": "cluster",
          "namespace": "",
          "nodeType": "box",
          "healthData": "Healthy",
          "infraData": {
            "apiEndpoint": "http://127.0.0.2:9443",
            "isKialiHome": true,
            "kialiInstances": [
              {
                "namespace": "istio-system",
                "operatorResource": "",
                "serviceName": "kiali",
                "url": "",
                "version": ""
              }
            ],
            "name": "cluster-primary",
            "network": "kialiNetwork",
            "secretName": "",
            "accessible": true
          },
          "isBox": "cluster",
          "version": "Unknown"
        }
      },
      {
        "data": {
          "id": "1aabe556f7e14438273ef43c7bce6148",
          "cluster": "cluster-remote",
          "infraName": "cluster-remote",
          "infraType": "cluster",
          "namespace": "",
          "nodeType": "box",
          "healthData": "Healthy",
          "infraData": {
            "apiEndpoint": "",
            "isKialiHome": false,
            "kialiInstances": null,
            "name": "cluster-remote",
            "network": "",
            "secretName": "",
            "accessible": true
          },
          "isBox": "cluster"
        }
      },
      {
        "data": {
          "id": "d1c7a41aefa12a640ebeb0e57c079e8e",
          "parent": "21aa3cd669c2462251e58d3b19149ace",
          "cluster": "cluster-primary",
          "infraName": "istio-system",
          "infraType": "namespace",
          "namespace": "istio-system",
          "nodeType": "box",
          "healthData": null,
          "isBox": "namespace"
        }
      },
      {
        "data": {
          "id": "82397758134f81118fb9935477d6f598",
          "parent": "107648411a3f61763d45f8433b787970",
          "cluster": "_external_",
          "infraName": "Prometheus",
          "infraType": "metricStore",
          "namespace": "",
          "nodeType": "infra",
          "healthData": "Healthy",
          "infraData": {
            "Auth": {
              "CAFile": "xxx",
              "InsecureSkipVerify": false,
              "Password": "xxx",
              "Token": "xxx",
              "Type": "none",
              "UseKialiToken": false,
              "Username": "xxx"
            },
            "CacheDuration": 7,
            "CacheEnabled": true,
            "CacheExpiration": 300,
            "CustomHeaders": {},
            "HealthCheckUrl": "",
            "IsCore": false,
            "QueryScope": {},
            "ThanosProxy": {
              "Enabled": false,
              "RetentionPeriod": "7d",
              "ScrapeInterval": "30s"
            },
            "URL": "http://prometheus.istio-system:9090"
          },
          "isExternal": true,
          "isInaccessible": true
        }
      },
      {
        "data": {
          "id": "9c46b0cb8c955460035427187706cfbc",
          "parent": "107648411a3f61763d45f8433b787970",
          "cluster": "_external_",
          "infraName": "jaeger",
          "infraType": "traceStore",
          "namespace": "",
          "nodeType": "infra",
          "healthData": "Healthy",
          "infraData": {
            "Auth": {
              "CAFile": "xxx",
              "InsecureSkipVerify": false,
              "Password": "xxx",
              "Token": "xxx",
              "Type": "none",
              "UseKialiToken": false,
              "Username": "xxx"
            },
            "CustomHeaders": {},
            "Enabled": true,
            "HealthCheckUrl": "",
            "GrpcPort": 9095,
            "InClusterURL": "http://tracing.istio-system:16685/jaeger",
            "IsCore": false,
            "Provider": "jaeger",
            "TempoConfig": {},
            "NamespaceSelector": true,
            "QueryScope": {},
            "QueryTimeout": 5,
            "URL": "",
            "UseGRPC": true,
            "WhiteListIstioSystem": [
              "jaeger-query",
              "istio-ingressgateway"
            ]
          },
          "isExternal": true,
          "isInaccessible": true
        }
      },
      {
        "data": {
          "id": "fb536b180952008dd29b4319593ef044",
          "parent": "107648411a3f61763d45f8433b787970",
          "cluster": "_external_",
          "infraName": "Grafana",
          "infraType": "grafana",
          "namespace": "",
          "nodeType": "infra",
          "healthData": "Healthy",
          "infraData": {
            "Auth": {
              "CAFile": "xxx",
              "InsecureSkipVerify": false,
              "Password": "xxx",
              "Token": "xxx",
              "Type": "none",
              "UseKialiToken": false,
              "Username": "xxx"
            },
            "Dashboards": null,
            "Enabled": true,
            "HealthCheckUrl": "",
            "InClusterURL": "http://grafana.istio-system:3000",
            "IsCore": false,
            "URL": ""
          },
          "isExternal": true,
          "isInaccessible": true
        }
      },
      {
        "data": {
          "id": "a1c47185abeae268a8280338027e20a5",
          "parent": "21aa3cd669c2462251e58d3b19149ace",
          "cluster": "cluster-primary",
          "infraName": "Data Plane",
          "infraType": "dataplane",
          "namespace": "",
          "nodeType": "infra",
          "healthData": "Healthy",
          "infraData": [
            {
              "name": "data-plane-1",
              "cluster": "cluster-primary",
              "isAmbient": false,
              "labels": null,
              "annotations": null
            },
            {
              "name": "data-plane-2",
              "cluster": "cluster-primary",
              "isAmbient": false,
              "labels": null,
              "annotations": null
            }
          ]
        }
      },
      {
        "data": {
          "id": "cdf7185cca90872db8b743e7a5b36ef0",
          "parent": "d1c7a41aefa12a640ebeb0e57c079e8e",
          "cluster": "cluster-primary",
          "infraName": "kiali",
          "infraType": "kiali",
          "namespace": "istio-system",
          "nodeType": "infra",
          "healthData": "Healthy",
          "infraData": {
            "ComponentStatuses": {
              "Enabled": true,
              "Components": [
                {
                  "AppLabel": "istio-egressgateway",
                  "IsCore": false,
                  "IsProxy": true,
                  "IsMultiCluster": false,
                  "Namespace": ""
                },
                {
                  "AppLabel": "istio-ingressgateway",
                  "IsCore": true,
                  "IsProxy": true,
                  "IsMultiCluster": false,
                  "Namespace": ""
                },
                {
                  "AppLabel": "istiod",
                  "IsCore": true,
                  "IsProxy": false,
                  "IsMultiCluster": false,
                  "Namespace": ""
                }
              ]
            },
            "ConfigMapName": "",
            "EnvoyAdminLocalPort": 15000,
            "GatewayAPIClasses": [],
            "IstioAPIEnabled": true,
            "IstioCanaryRevision": {
              "Current": "",
              "Upgrade": ""
            },
            "IstioIdentityDomain": "svc.cluster.local",
            "IstioInjectionAnnotation": "sidecar.istio.io/inject",
            "IstioSidecarInjectorConfigMapName": "istio-sidecar-injector",
            "IstioSidecarAnnotation": "sidecar.istio.io/status",
            "IstiodDeploymentName": "istiod",
            "IstiodPodMonitoringPort": 15014,
            "IstiodPollingIntervalSeconds": 20,
            "Registry": null,
            "RootNamespace": "istio-system",
            "UrlServiceVersion": ""
          }
        }
      },
      {
        "data": {
          "id": "e99df577d74ca59cfb453ccbaa84c3c1",
          "parent": "d1c7a41aefa12a640ebeb0e57c079e8e",
          "cluster": "cluster-primary",
          "infraName": "istiod",
          "infraType": "istiod",
          "namespace": "istio-system",
          "nodeType": "infra",
          "healthData": "Healthy",
          "infraData": {
            "config": {
              "OutboundTrafficPolicy": {
                "mode": ""
              },
              "Network": "",
              "DisableMixerHttpReports": false,
              "DiscoverySelectors": null,
              "EnableAutoMtls": true,
              "MeshMTLS": {
                "MinProtocolVersion": ""
              },
              "defaultConfig": {
                "MeshId": ""
              },
              "TrustDomain": "cluster.local"
            },
            "revision": "default"
          },
          "version": "Unknown"
        }
      },
      {
        "data": {
          "id": "6514e7140e9a0c07ca296b90cf22cf9f",
          "parent": "1aabe556f7e14438273ef43c7bce6148",
          "cluster": "cluster-remote",
          "infraName": "Data Plane",
          "infraType": "dataplane",
          "namespace": "",
          "nodeType": "infra",
          "healthData": "Healthy",
          "infraData": [
            {
              "name": "data-plane-3",
              "cluster": "cluster-remote",
              "isAmbient": false,
              "labels": null,
              "annotations": null
            },
            {
              "name": "data-plane-4",
              "cluster": "cluster-remote",
              "isAmbient": false,
              "labels": null,
              "annotations": null
            }
          ]
        }
      }
    ],
    "edges": [
      {
        "data": {
          "id": "1425e29b8977c19c906115f31a1f8a6b",
          "source": "cdf7185cca90872db8b743e7a5b36ef0",
          "target": "82397758134f81118fb9935477d6f598"
        }
      },
      {
        "data": {
          "id": "d1d2a29141584c3aebd0c2940e951030",
          "source": "cdf7185cca90872db8b743e7a5b36ef0",
          "target": "9c46b0cb8c955460035427187706cfbc"
        }
      },
      {
        "data": {
          "id": "a5c68927026a2e26f3a320eb35bed889",
          "source": "cdf7185cca90872db8b743e7a5b36ef0",
          "target": "e99df577d74ca59cfb453ccbaa84c3c1"
        }
      },
      {
        "data": {
          "id": "e44f9ff10bbd28f2c0c2b3f9d6b442f1",
          "source": "cdf7185cca90872db8b743e7a5b36ef0",
          "target": "fb536b180952008dd29b4319593ef044"
        }
      },
      {
        "data": {
          "id": "8cd4f303ae3c07eae8e4731b5cc983df",
          "source": "e99df577d74ca59cfb453ccbaa84c3c1",
          "target": "6514e7140e9a0c07ca296b90cf22cf9f"
        }
      },
      {
        "data": {
          "id": "f62bb8bce93b9ae739b0c61f02c269d1",
          "source": "e99df577d74ca59cfb453ccbaa84c3c1",
          "target": "a1c47185abeae268a8280338027e20a5"
        }
      }
    ]
  },
  "meshName": "",
  "timestamp": 1523364075
}
