{
  "timestamp": 1523364075,
  "duration": 600,
  "graphType": "service",
  "elements": {
    "nodes": [
      {
        "data": {
          "id": "f123da9ad045afb79cfddf78bde4607d",
          "nodeType": "service",
          "cluster": "east",
          "namespace": "bankapp",
          "service": "deposit",
          "destServices": [
            {
              "cluster": "east",
              "namespace": "bankapp",
              "name": "deposit"
            }
          ],
          "traffic": [
            {
              "protocol": "grpc",
              "rates": {
                "grpcIn": "50.00"
              }
            }
          ],
          "healthData": null,
          "isInaccessible": true,
          "isOutside": true
        }
      },
      {
        "data": {
          "id": "d66ca6e14eccb458a29f528d2da15357",
          "nodeType": "service",
          "cluster": "east",
          "namespace": "bankapp",
          "service": "pricing",
          "destServices": [
            {
              "cluster": "east",
              "namespace": "bankapp",
              "name": "pricing"
            }
          ],
          "traffic": [
            {
              "protocol": "http",
              "rates": {
                "httpIn": "20.00"
              }
            }
          ],
          "healthData": null,
          "isInaccessible": true,
          "isOutside": true
        }
      },
      {
        "data": {
          "id": "caa3a4b6c8a7accd5059efc9e45591b8",
          "nodeType": "service",
          "cluster": "east",
          "namespace": "bookinfo",
          "service": "details",
          "destServices": [
            {
              "cluster": "east",
              "namespace": "bookinfo",
              "name": "details"
            }
          ],
          "traffic": [
            {
              "protocol": "http",
              "rates": {
                "httpIn": "80.00",
                "httpIn3xx": "20.00",
                "httpIn4xx": "20.00",
                "httpIn5xx": "20.00"
              }
            }
          ],
          "healthData": null
        }
      },
      {
        "data": {
          "id": "e2c0c020b066b00657ed8b75a8dcd87d",
          "nodeType": "service",
          "cluster": "east",
          "namespace": "bookinfo",
          "service": "productpage",
          "destServices": [
            {
              "cluster": "east",
              "namespace": "bookinfo",
              "name": "productpage"
            }
          ],
          "traffic": [
            {
              "protocol": "http",
              "rates": {
                "httpIn": "170.00",
                "httpOut": "160.00"
              }
            },
            {
              "protocol": "tcp",
              "rates": {
                "tcpOut": "31.00"
              }
            }
          ],
          "healthData": null
        }
      },
      {
        "data": {
          "id": "a70e0055b1579d24d56a80a46a6e629f",
          "nodeType": "service",
          "cluster": "east",
          "namespace": "bookinfo",
          "service": "ratings",
          "destServices": [
            {
              "cluster": "east",
              "namespace": "bookinfo",
              "name": "ratings"
            }
          ],
          "traffic": [
            {
              "protocol": "http",
              "rates": {
                "httpIn": "60.00",
                "httpIn5xx": "20.00"
              }
            }
          ],
          "healthData": null
        }
      },
      {
        "data": {
          "id": "14a8076f0380581fe9e2fd757895a231",
          "nodeType": "service",
          "cluster": "east",
          "namespace": "bookinfo",
          "service": "reviews",
          "destServices": [
            {
              "cluster": "east",
              "namespace": "bookinfo",
              "name": "reviews"
            }
          ],
          "traffic": [
            {
              "protocol": "grpc",
              "rates": {
                "grpcOut": "50.00"
              }
            },
            {
              "protocol": "http",
              "rates": {
                "httpIn": "100.00",
                "httpOut": "124.00"
              }
            }
          ],
          "healthData": null
        }
      },
      {
        "data": {
          "id": "6dc39814fc6521d97505ad1424978764",
          "nodeType": "service",
          "cluster": "east",
          "namespace": "bookinfo",
          "service": "tcp",
          "destServices": [
            {
              "cluster": "east",
              "namespace": "bookinfo",
              "name": "tcp"
            }
          ],
          "traffic": [
            {
              "protocol": "tcp",
              "rates": {
                "tcpIn": "581.00"
              }
            }
          ],
          "healthData": null
        }
      },
      {
        "data": {
          "id": "d572c98471e1586ae94397b094892b6b",
          "nodeType": "workload",
          "cluster": "east",
          "namespace": "istio-system",
          "workload": "ingressgateway-unknown",
          "app": "ingressgateway",
          "version": "latest",
          "traffic": [
            {
              "protocol": "http",
              "rates": {
                "httpOut": "100.00"
              }
            },
            {
              "protocol": "tcp",
              "rates": {
                "tcpOut": "150.00"
              }
            }
          ],
          "healthData": null,
          "isInaccessible": true,
          "isOutside": true,
          "isRoot": true
        }
      },
      {
        "data": {
          "id": "c806ddbb86ea4bb8a9c7c8b6be3ce196",
          "nodeType": "service",
          "cluster": "unknown",
          "namespace": "unknown",
          "service": "unknown",
          "traffic": [
            {
              "protocol": "http",
              "rates": {
                "httpIn": "4.00",
                "httpIn4xx": "4.00"
              }
            }
          ],
          "healthData": null,
          "isInaccessible": true
        }
      },
      {
        "data": {
          "id": "375ab940b56ae7bcf0f89cb1a7af5d44",
          "nodeType": "unknown",
          "cluster": "unknown",
          "namespace": "unknown",
          "workload": "unknown",
          "app": "unknown",
          "version": "unknown",
          "traffic": [
            {
              "protocol": "http",
              "rates": {
                "httpOut": "50.00"
              }
            },
            {
              "protocol": "tcp",
              "rates": {
                "tcpOut": "400.00"
              }
            }
          ],
          "healthData": null,
          "isInaccessible": true,
          "isRoot": true
        }
      }
    ],
    "edges": [
      {
        "data": {
          "id": "4eedba8bbabce82ccfee19a2e3f588ca",
          "source": "14a8076f0380581fe9e2fd757895a231",
          "target": "14a8076f0380581fe9e2fd757895a231",
          "traffic": {
            "protocol": "http",
            "rates": {
              "http": "40.00",
              "httpPercentReq": "32.3"
            },
            "responses": {
              "200": {
                "flags": {
                  "-": "100.0"
                },
                "hosts": {
                  "reviews:9080": "100.0"
                }
              }
            }
          }
        }
      },
      {
        "data": {
          "id": "71f5671bd0379d229ce3616791fa9f31",
          "source": "14a8076f0380581fe9e2fd757895a231",
          "target": "a70e0055b1579d24d56a80a46a6e629f",
          "traffic": {
            "protocol": "http",
            "rates": {
              "http": "60.00",
              "http5xx": "20.00",
              "httpPercentErr": "33.3",
              "httpPercentReq": "48.4"
            },
            "responses": {
              "200": {
                "flags": {
                  "-": "66.7"
                },
                "hosts": {
                  "ratings:9080": "66.7"
                }
              },
              "500": {
                "flags": {
                  "-": "33.3"
                },
                "hosts": {
                  "ratings:9080": "33.3"
                }
              }
            }
          }
        }
      },
      {
        "data": {
          "id": "079bfc62684e66f64e5e2e1779a3de20",
          "source": "14a8076f0380581fe9e2fd757895a231",
          "target": "c806ddbb86ea4bb8a9c7c8b6be3ce196",
          "traffic": {
            "protocol": "http",
            "rates": {
              "http": "4.00",
              "http4xx": "4.00",
              "httpPercentErr": "100.0",
              "httpPercentReq": "3.2"
            },
            "responses": {
              "404": {
                "flags": {
                  "NR": "100.0"
                },
                "hosts": {
                  "unknown": "100.0"
                }
              }
            }
          }
        }
      },
      {
        "data": {
          "id": "e06cddcee6124faadcd4508f20b68b46",
          "source": "14a8076f0380581fe9e2fd757895a231",
          "target": "d66ca6e14eccb458a29f528d2da15357",
          "traffic": {
            "protocol": "http",
            "rates": {
              "http": "20.00",
              "httpPercentReq": "16.1"
            },
            "responses": {
              "200": {
                "flags": {
                  "-": "100.0"
                },
                "hosts": {
                  "pricing:9080": "100.0"
                }
              }
            }
          }
        }
      },
      {
        "data": {
          "id": "43c374271bf92e0bee623a6b389ce528",
          "source": "14a8076f0380581fe9e2fd757895a231",
          "target": "f123da9ad045afb79cfddf78bde4607d",
          "traffic": {
            "protocol": "grpc",
            "rates": {
              "grpc": "50.00",
              "grpcPercentReq": "100.0"
            },
            "responses": {
              "0": {
                "flags": {
                  "-": "100.0"
                },
                "hosts": {
                  "deposit:9080": "100.0"
                }
              }
            }
          }
        }
      },
      {
        "data": {
          "id": "7ba30f85f187a918e0821e9b6b25a6e0",
          "source": "375ab940b56ae7bcf0f89cb1a7af5d44",
          "target": "6dc39814fc6521d97505ad1424978764",
          "traffic": {
            "protocol": "tcp",
            "rates": {
              "tcp": "400.00"
            },
            "responses": {
              "-": {
                "flags": {
                  "-": "100.0"
                },
                "hosts": {
                  "tcp:9080": "100.0"
                }
              }
            }
          }
        }
      },
      {
        "data": {
          "id": "65f92a86b1d476aae79029a4dd5e7650",
          "source": "375ab940b56ae7bcf0f89cb1a7af5d44",
          "target": "e2c0c020b066b00657ed8b75a8dcd87d",
          "traffic": {
            "protocol": "http",
            "rates": {
              "http": "50.00",
              "httpPercentReq": "100.0"
            },
            "responses": {
              "200": {
                "flags": {
                  "-": "100.0"
                },
                "hosts": {
                  "productpage:9080": "100.0"
                }
              }
            }
          }
        }
      },
      {
        "data": {
          "id": "4a6cdef9ba60f82bd7aac8446b2cd18b",
          "source": "d572c98471e1586ae94397b094892b6b",
          "target": "6dc39814fc6521d97505ad1424978764",
          "traffic": {
            "protocol": "tcp",
            "rates": {
              "tcp": "150.00"
            },
            "responses": {
              "-": {
                "flags": {
                  "-": "100.0"
                },
                "hosts": {
                  "tcp:9080": "100.0"
                }
              }
            }
          }
        }
      },
      {
        "data": {
          "id": "7d6db6bd79b6abd0fa1a4a652f9bf378",
          "source": "d572c98471e1586ae94397b094892b6b",
          "target": "e2c0c020b066b00657ed8b75a8dcd87d",
          "traffic": {
            "protocol": "http",
            "rates": {
              "http": "100.00",
              "httpPercentReq": "100.0"
            },
            "responses": {
              "200": {
                "flags": {
                  "-": "100.0"
                },
                "hosts": {
                  "productpage:9080": "100.0"
                }
              }
            }
          }
        }
      },
      {
        "data": {
          "id": "71d3d0c89da1db6070d5a89f7e52ce3b",
          "source": "e2c0c020b066b00657ed8b75a8dcd87d",
          "target": "14a8076f0380581fe9e2fd757895a231",
          "traffic": {
            "protocol": "http",
            "rates": {
              "http": "60.00",
              "httpPercentReq": "37.5"
            },
            "responses": {
              "200": {
                "flags": {
                  "-": "100.0"
                },
                "hosts": {
                  "reviews:9080": "100.0"
                }
              }
            }
          }
        }
      },
      {
        "data": {
          "id": "0f3ba75583b468a6f6d9531c89d790c8",
          "source": "e2c0c020b066b00657ed8b75a8dcd87d",
          "target": "6dc39814fc6521d97505ad1424978764",
          "traffic": {
            "protocol": "tcp",
            "rates": {
              "tcp": "31.00"
            },
            "responses": {
              "-": {
                "flags": {
                  "-": "100.0"
                },
                "hosts": {
                  "tcp:9080": "100.0"
                }
              }
            }
          }
        }
      },
      {
        "data": {
          "id": "da6f0b80b2c2c40976149d1282b1682f",
          "source": "e2c0c020b066b00657ed8b75a8dcd87d",
          "target": "caa3a4b6c8a7accd5059efc9e45591b8",
          "traffic": {
            "protocol": "http",
            "rates": {
              "http": "80.00",
              "http3xx": "20.00",
              "http4xx": "20.00",
              "http5xx": "20.00",
              "httpPercentErr": "50.0",
              "httpPercentReq": "50.0"
            },
            "responses": {
              "200": {
                "flags": {
                  "-": "25.0"
                },
                "hosts": {
                  "details:9080": "25.0"
                }
              },
              "300": {
                "flags": {
                  "-": "25.0"
                },
                "hosts": {
                  "details:9080": "25.0"
                }
              },
              "400": {
                "flags": {
                  "-": "25.0"
                },
                "hosts": {
                  "details:9080": "25.0"
                }
              },
              "500": {
                "flags": {
                  "-": "25.0"
                },
                "hosts": {
                  "details:9080": "25.0"
                }
              }
            }
          }
        }
      },
      {
        "data": {
          "id": "32901098678535a2d5d5f942f5473cc1",
          "source": "e2c0c020b066b00657ed8b75a8dcd87d",
          "target": "e2c0c020b066b00657ed8b75a8dcd87d",
          "traffic": {
            "protocol": "http",
            "rates": {
              "http": "20.00",
              "httpPercentReq": "12.5"
            },
            "responses": {
              "200": {
                "flags": {
                  "-": "100.0"
                },
                "hosts": {
                  "productpage:9080": "100.0"
                }
              }
            }
          }
        }
      }
    ]
  }
}
