{
  "timestamp": 1523364075,
  "duration": 600,
  "graphType": "versionedApp",
  "elements": {
    "nodes": [
      {
        "data": {
          "id": "0754fcc1dfb21e73be1b62bc35ee298c",
          "nodeType": "box",
          "cluster": "east",
          "namespace": "bookinfo",
          "app": "reviews",
          "healthData": null,
          "isBox": "app"
        }
      },
      {
        "data": {
          "id": "945f248ddaed4663ce0ca8dbf4ac0692",
          "nodeType": "app",
          "cluster": "east",
          "namespace": "bankapp",
          "workload": "deposit-v1",
          "app": "deposit",
          "version": "v1",
          "destServices": [
            {
              "cluster": "east",
              "namespace": "bankapp",
              "name": "deposit"
            }
          ],
          "traffic": [
            {
              "protocol": "grpc",
              "rates": {
                "grpcIn": "50.00"
              }
            }
          ],
          "healthData": null,
          "isInaccessible": true,
          "isOutside": true
        }
      },
      {
        "data": {
          "id": "3cb1b1c64f77cdf407d773b9d4b67d92",
          "nodeType": "app",
          "cluster": "east",
          "namespace": "bankapp",
          "workload": "pricing-v1",
          "app": "pricing",
          "version": "v1",
          "destServices": [
            {
              "cluster": "east",
              "namespace": "bankapp",
              "name": "pricing"
            }
          ],
          "traffic": [
            {
              "protocol": "http",
              "rates": {
                "httpIn": "20.00"
              }
            }
          ],
          "healthData": null,
          "isInaccessible": true,
          "isOutside": true
        }
      },
      {
        "data": {
          "id": "266a0fdb50669cdc0414cf40bb2c645a",
          "nodeType": "workload",
          "cluster": "east",
          "namespace": "bookinfo",
          "workload": "kiali-2412",
          "traffic": [
            {
              "protocol": "http",
              "rates": {
                "httpIn": "50.00"
              }
            }
          ],
          "healthData": null
        }
      },
      {
        "data": {
          "id": "7b991e4b49f02fe0e2e05e9395b08e91",
          "nodeType": "app",
          "cluster": "east",
          "namespace": "bookinfo",
          "workload": "details-v1",
          "app": "details",
          "version": "v1",
          "destServices": [
            {
              "cluster": "east",
              "namespace": "bookinfo",
              "name": "details"
            }
          ],
          "traffic": [
            {
              "protocol": "http",
              "rates": {
                "httpIn": "80.00",
                "httpIn3xx": "20.00",
                "httpIn4xx": "20.00",
                "httpIn5xx": "20.00"
              }
            }
          ],
          "healthData": null
        }
      },
      {
        "data": {
          "id": "618cde0596062954dd7ceab6b6daf357",
          "nodeType": "app",
          "cluster": "east",
          "namespace": "bookinfo",
          "workload": "productpage-v1",
          "app": "productpage",
          "version": "v1",
          "destServices": [
            {
              "cluster": "east",
              "namespace": "bookinfo",
              "name": "productpage"
            }
          ],
          "traffic": [
            {
              "protocol": "http",
              "rates": {
                "httpIn": "170.00",
                "httpOut": "160.00"
              }
            },
            {
              "protocol": "tcp",
              "rates": {
                "tcpOut": "62.00"
              }
            }
          ],
          "healthData": null
        }
      },
      {
        "data": {
          "id": "fac7892f4de2e1d60966e126240c2364",
          "nodeType": "app",
          "cluster": "east",
          "namespace": "bookinfo",
          "workload": "ratings-v1",
          "app": "ratings",
          "version": "v1",
          "destServices": [
            {
              "cluster": "east",
              "namespace": "bookinfo",
              "name": "ratings"
            }
          ],
          "traffic": [
            {
              "protocol": "http",
              "rates": {
                "httpIn": "60.00",
                "httpIn5xx": "20.00"
              }
            }
          ],
          "healthData": null
        }
      },
      {
        "data": {
          "id": "d7d2de426988db482baf04ac252f49d6",
          "parent": "0754fcc1dfb21e73be1b62bc35ee298c",
          "nodeType": "app",
          "cluster": "east",
          "namespace": "bookinfo",
          "workload": "reviews-v1",
          "app": "reviews",
          "version": "v1",
          "destServices": [
            {
              "cluster": "east",
              "namespace": "bookinfo",
              "name": "reviews"
            }
          ],
          "traffic": [
            {
              "protocol": "http",
              "rates": {
                "httpIn": "20.00"
              }
            }
          ],
          "healthData": null
        }
      },
      {
        "data": {
          "id": "d442c511909e5b1ea95b93be024e3c23",
          "parent": "0754fcc1dfb21e73be1b62bc35ee298c",
          "nodeType": "app",
          "cluster": "east",
          "namespace": "bookinfo",
          "workload": "reviews-v2",
          "app": "reviews",
          "version": "v2",
          "destServices": [
            {
              "cluster": "east",
              "namespace": "bookinfo",
              "name": "reviews"
            }
          ],
          "traffic": [
            {
              "protocol": "http",
              "rates": {
                "httpIn": "40.00",
                "httpOut": "50.00"
              }
            }
          ],
          "healthData": null
        }
      },
      {
        "data": {
          "id": "58acf15518f0491535b16d0c2efc4455",
          "parent": "0754fcc1dfb21e73be1b62bc35ee298c",
          "nodeType": "app",
          "cluster": "east",
          "namespace": "bookinfo",
          "workload": "reviews-v3",
          "app": "reviews",
          "version": "v3",
          "destServices": [
            {
              "cluster": "east",
              "namespace": "bookinfo",
              "name": "reviews"
            }
          ],
          "traffic": [
            {
              "protocol": "grpc",
              "rates": {
                "grpcOut": "50.00"
              }
            },
            {
              "protocol": "http",
              "rates": {
                "httpIn": "40.00",
                "httpOut": "74.00"
              }
            }
          ],
          "healthData": null
        }
      },
      {
        "data": {
          "id": "0db12cbb2c4c702977b3268ac6be3164",
          "nodeType": "app",
          "cluster": "east",
          "namespace": "bookinfo",
          "workload": "tcp-v1",
          "app": "tcp",
          "version": "v1",
          "destServices": [
            {
              "cluster": "east",
              "namespace": "bookinfo",
              "name": "tcp"
            }
          ],
          "traffic": [
            {
              "protocol": "tcp",
              "rates": {
                "tcpIn": "1162.00"
              }
            }
          ],
          "healthData": null
        }
      },
      {
        "data": {
          "id": "2a978b6753693205ba178ec1d88bc447",
          "nodeType": "app",
          "cluster": "east",
          "namespace": "istio-system",
          "workload": "ingressgateway-unknown",
          "app": "ingressgateway",
          "version": "latest",
          "traffic": [
            {
              "protocol": "http",
              "rates": {
                "httpOut": "100.00"
              }
            },
            {
              "protocol": "tcp",
              "rates": {
                "tcpOut": "300.00"
              }
            }
          ],
          "healthData": null,
          "isInaccessible": true,
          "isOutside": true,
          "isRoot": true
        }
      },
      {
        "data": {
          "id": "c806ddbb86ea4bb8a9c7c8b6be3ce196",
          "nodeType": "service",
          "cluster": "unknown",
          "namespace": "unknown",
          "service": "unknown",
          "traffic": [
            {
              "protocol": "http",
              "rates": {
                "httpIn": "4.00",
                "httpIn4xx": "4.00"
              }
            }
          ],
          "healthData": null,
          "isInaccessible": true
        }
      },
      {
        "data": {
          "id": "375ab940b56ae7bcf0f89cb1a7af5d44",
          "nodeType": "unknown",
          "cluster": "unknown",
          "namespace": "unknown",
          "workload": "unknown",
          "app": "unknown",
          "version": "unknown",
          "traffic": [
            {
              "protocol": "http",
              "rates": {
                "httpOut": "100.00"
              }
            },
            {
              "protocol": "tcp",
              "rates": {
                "tcpOut": "800.00"
              }
            }
          ],
          "healthData": null,
          "isInaccessible": true,
          "isRoot": true
        }
      }
    ],
    "edges": [
      {
        "data": {
          "id": "f81e88fb63c95ad4b7c56a24806a6ae8",
          "source": "2a978b6753693205ba178ec1d88bc447",
          "target": "0db12cbb2c4c702977b3268ac6be3164",
          "traffic": {
            "protocol": "tcp",
            "rates": {
              "tcp": "300.00"
            },
            "responses": {
              "-": {
                "flags": {
                  "-": "100.0"
                },
                "hosts": {
                  "tcp:9080": "100.0"
                }
              }
            }
          }
        }
      },
      {
        "data": {
          "id": "14cb1b21df054e83c065cf703b3961da",
          "source": "2a978b6753693205ba178ec1d88bc447",
          "target": "618cde0596062954dd7ceab6b6daf357",
          "traffic": {
            "protocol": "http",
            "rates": {
              "http": "100.00",
              "httpPercentReq": "100.0"
            },
            "responses": {
              "200": {
                "flags": {
                  "-": "100.0"
                },
                "hosts": {
                  "productpage:9080": "100.0"
                }
              }
            }
          }
        }
      },
      {
        "data": {
          "id": "f5259c882d1715182d12a32adf4bea2b",
          "source": "375ab940b56ae7bcf0f89cb1a7af5d44",
          "target": "0db12cbb2c4c702977b3268ac6be3164",
          "traffic": {
            "protocol": "tcp",
            "rates": {
              "tcp": "800.00"
            },
            "responses": {
              "-": {
                "flags": {
                  "-": "100.0"
                },
                "hosts": {
                  "tcp:9080": "100.0"
                }
              }
            }
          }
        }
      },
      {
        "data": {
          "id": "2c4c1734e6ef786704ada3982752d051",
          "source": "375ab940b56ae7bcf0f89cb1a7af5d44",
          "target": "266a0fdb50669cdc0414cf40bb2c645a",
          "traffic": {
            "protocol": "http",
            "rates": {
              "http": "50.00",
              "httpPercentReq": "50.0"
            },
            "responses": {
              "200": {
                "flags": {
                  "-": "100.0"
                }
              }
            }
          }
        }
      },
      {
        "data": {
          "id": "e5ddccfa14b200c38d87d2fb47e6e0d7",
          "source": "375ab940b56ae7bcf0f89cb1a7af5d44",
          "target": "618cde0596062954dd7ceab6b6daf357",
          "traffic": {
            "protocol": "http",
            "rates": {
              "http": "50.00",
              "httpPercentReq": "50.0"
            },
            "responses": {
              "200": {
                "flags": {
                  "-": "100.0"
                },
                "hosts": {
                  "productpage:9080": "100.0"
                }
              }
            }
          }
        }
      },
      {
        "data": {
          "id": "ea516cdd66dac12174e46121631fd5a2",
          "source": "58acf15518f0491535b16d0c2efc4455",
          "target": "3cb1b1c64f77cdf407d773b9d4b67d92",
          "traffic": {
            "protocol": "http",
            "rates": {
              "http": "20.00",
              "httpPercentReq": "27.0"
            },
            "responses": {
              "200": {
                "flags": {
                  "-": "100.0"
                },
                "hosts": {
                  "pricing:9080": "100.0"
                }
              }
            }
          }
        }
      },
      {
        "data": {
          "id": "94736940968114846f9986dd0d3bca78",
          "source": "58acf15518f0491535b16d0c2efc4455",
          "target": "58acf15518f0491535b16d0c2efc4455",
          "traffic": {
            "protocol": "http",
            "rates": {
              "http": "20.00",
              "httpPercentReq": "27.0"
            },
            "responses": {
              "200": {
                "flags": {
                  "-": "100.0"
                },
                "hosts": {
                  "reviews:9080": "100.0"
                }
              }
            }
          }
        }
      },
      {
        "data": {
          "id": "3c119e13d5382e7e0473962e10ef2d54",
          "source": "58acf15518f0491535b16d0c2efc4455",
          "target": "945f248ddaed4663ce0ca8dbf4ac0692",
          "traffic": {
            "protocol": "grpc",
            "rates": {
              "grpc": "50.00",
              "grpcPercentReq": "100.0"
            },
            "responses": {
              "0": {
                "flags": {
                  "-": "100.0"
                },
                "hosts": {
                  "deposit:9080": "100.0"
                }
              }
            }
          }
        }
      },
      {
        "data": {
          "id": "5cf2a25ed58d9355d236c9ba66494e89",
          "source": "58acf15518f0491535b16d0c2efc4455",
          "target": "c806ddbb86ea4bb8a9c7c8b6be3ce196",
          "traffic": {
            "protocol": "http",
            "rates": {
              "http": "4.00",
              "http4xx": "4.00",
              "httpPercentErr": "100.0",
              "httpPercentReq": "5.4"
            },
            "responses": {
              "404": {
                "flags": {
                  "NR": "100.0"
                },
                "hosts": {
                  "unknown": "100.0"
                }
              }
            }
          }
        }
      },
      {
        "data": {
          "id": "f4ce6febaa010574144702618790cad2",
          "source": "58acf15518f0491535b16d0c2efc4455",
          "target": "fac7892f4de2e1d60966e126240c2364",
          "traffic": {
            "protocol": "http",
            "rates": {
              "http": "30.00",
              "http5xx": "10.00",
              "httpPercentErr": "33.3",
              "httpPercentReq": "40.5"
            },
            "responses": {
              "200": {
                "flags": {
                  "-": "66.7"
                },
                "hosts": {
                  "ratings:9080": "66.7"
                }
              },
              "500": {
                "flags": {
                  "-": "33.3"
                },
                "hosts": {
                  "ratings:9080": "33.3"
                }
              }
            }
          }
        }
      },
      {
        "data": {
          "id": "57b3ca50a2a034b7f5d209fdcb7b6977",
          "source": "618cde0596062954dd7ceab6b6daf357",
          "target": "0db12cbb2c4c702977b3268ac6be3164",
          "traffic": {
            "protocol": "tcp",
            "rates": {
              "tcp": "62.00"
            },
            "responses": {
              "-": {
                "flags": {
                  "-": "100.0"
                },
                "hosts": {
                  "tcp:9080": "100.0"
                }
              }
            }
          }
        }
      },
      {
        "data": {
          "id": "dd92df32062753387b8f64855066f7df",
          "source": "618cde0596062954dd7ceab6b6daf357",
          "target": "58acf15518f0491535b16d0c2efc4455",
          "traffic": {
            "protocol": "http",
            "rates": {
              "http": "20.00",
              "httpPercentReq": "12.5"
            },
            "responses": {
              "200": {
                "flags": {
                  "-": "100.0"
                },
                "hosts": {
                  "reviews:9080": "100.0"
                }
              }
            }
          }
        }
      },
      {
        "data": {
          "id": "1c74d24e2a2b88565cbffb4783741017",
          "source": "618cde0596062954dd7ceab6b6daf357",
          "target": "618cde0596062954dd7ceab6b6daf357",
          "traffic": {
            "protocol": "http",
            "rates": {
              "http": "20.00",
              "httpPercentReq": "12.5"
            },
            "responses": {
              "200": {
                "flags": {
                  "-": "100.0"
                },
                "hosts": {
                  "productpage:9080": "100.0"
                }
              }
            }
          }
        }
      },
      {
        "data": {
          "id": "d90250fafca228ecc021c6ef5d80b109",
          "source": "618cde0596062954dd7ceab6b6daf357",
          "target": "7b991e4b49f02fe0e2e05e9395b08e91",
          "traffic": {
            "protocol": "http",
            "rates": {
              "http": "80.00",
              "http3xx": "20.00",
              "http4xx": "20.00",
              "http5xx": "20.00",
              "httpPercentErr": "50.0",
              "httpPercentReq": "50.0"
            },
            "responses": {
              "200": {
                "flags": {
                  "-": "25.0"
                },
                "hosts": {
                  "details:9080": "25.0"
                }
              },
              "300": {
                "flags": {
                  "-": "25.0"
                },
                "hosts": {
                  "details:9080": "25.0"
                }
              },
              "400": {
                "flags": {
                  "-": "25.0"
                },
                "hosts": {
                  "details:9080": "25.0"
                }
              },
              "500": {
                "flags": {
                  "-": "25.0"
                },
                "hosts": {
                  "details:9080": "25.0"
                }
              }
            }
          }
        }
      },
      {
        "data": {
          "id": "9bee57ecf8757154cc248c2b71530ecd",
          "source": "618cde0596062954dd7ceab6b6daf357",
          "target": "d442c511909e5b1ea95b93be024e3c23",
          "traffic": {
            "protocol": "http",
            "rates": {
              "http": "20.00",
              "httpPercentReq": "12.5"
            },
            "responses": {
              "200": {
                "flags": {
                  "-": "100.0"
                },
                "hosts": {
                  "reviews:9080": "100.0"
                }
              }
            }
          }
        }
      },
      {
        "data": {
          "id": "e96fccadee93b0dc370448196f64b0f9",
          "source": "618cde0596062954dd7ceab6b6daf357",
          "target": "d7d2de426988db482baf04ac252f49d6",
          "traffic": {
            "protocol": "http",
            "rates": {
              "http": "20.00",
              "httpPercentReq": "12.5"
            },
            "responses": {
              "200": {
                "flags": {
                  "-": "100.0"
                },
                "hosts": {
                  "reviews:9080": "100.0"
                }
              }
            }
          }
        }
      },
      {
        "data": {
          "id": "e41248168ecea8ccdccc12d0a7ca02f3",
          "source": "d442c511909e5b1ea95b93be024e3c23",
          "target": "d442c511909e5b1ea95b93be024e3c23",
          "traffic": {
            "protocol": "http",
            "rates": {
              "http": "20.00",
              "httpPercentReq": "40.0"
            },
            "responses": {
              "200": {
                "flags": {
                  "-": "100.0"
                },
                "hosts": {
                  "reviews:9080": "100.0"
                }
              }
            }
          }
        }
      },
      {
        "data": {
          "id": "aae9a14a761abf1ec933e284f5faad97",
          "source": "d442c511909e5b1ea95b93be024e3c23",
          "target": "fac7892f4de2e1d60966e126240c2364",
          "traffic": {
            "protocol": "http",
            "rates": {
              "http": "30.00",
              "http5xx": "10.00",
              "httpPercentErr": "33.3",
              "httpPercentReq": "60.0"
            },
            "responses": {
              "200": {
                "flags": {
                  "-": "66.7"
                },
                "hosts": {
                  "ratings:9080": "66.7"
                }
              },
              "500": {
                "flags": {
                  "-": "33.3"
                },
                "hosts": {
                  "ratings:9080": "33.3"
                }
              }
            }
          }
        }
      }
    ]
  }
}
