{
  "timestamp": 1523364075,
  "elements": {
    "nodes": [
      {
        "data": {
          "id": "32f13d185b9a6764d67f9f96f8796f6c",
          "service": "productpage.bookinfo.svc.cluster.local",
          "version": "v1",
          "serviceName": "productpage",
          "namespace": "bookinfo",
          "rateOut": "60.000"
        }
      },
      {
        "data": {
          "id": "4bd6b4e52f760784b8cf5a9ae38241e2",
          "service": "ratings.bookinfo.svc.cluster.local",
          "version": "v1",
          "serviceName": "ratings",
          "namespace": "bookinfo",
          "rate": "40.000"
        }
      },
      {
        "data": {
          "id": "091c4c76cb13828352bbe375d51e3b01",
          "service": "reviews.bookinfo.svc.cluster.local",
          "namespace": "",
          "isGroup": "version"
        }
      },
      {
        "data": {
          "id": "09db1ec4064c7f4e77c2c65f0c8709ac",
          "parent": "091c4c76cb13828352bbe375d51e3b01",
          "service": "reviews.bookinfo.svc.cluster.local",
          "version": "v1",
          "serviceName": "reviews",
          "namespace": "bookinfo",
          "rate": "20.000"
        }
      },
      {
        "data": {
          "id": "a30ebe6d7004dc26a24a989e27550aa2",
          "parent": "091c4c76cb13828352bbe375d51e3b01",
          "service": "reviews.bookinfo.svc.cluster.local",
          "version": "v2",
          "serviceName": "reviews",
          "namespace": "bookinfo",
          "rate": "40.000",
          "rateOut": "40.000"
        }
      },
      {
        "data": {
          "id": "9b88963ddbd1603b0bbca88cfca29781",
          "parent": "091c4c76cb13828352bbe375d51e3b01",
          "service": "reviews.bookinfo.svc.cluster.local",
          "version": "v3",
          "serviceName": "reviews",
          "namespace": "bookinfo",
          "rate": "40.000",
          "rateOut": "40.000"
        }
      }
    ],
    "edges": [
      {
        "data": {
          "id": "135f13040b3436024eadbbeae35f4bd9",
          "source": "32f13d185b9a6764d67f9f96f8796f6c",
          "target": "09db1ec4064c7f4e77c2c65f0c8709ac",
          "rate": "20.000",
          "percentRate": "33.333"
        }
      },
      {
        "data": {
          "id": "81825f8a8fd937464ecaad046abff476",
          "source": "32f13d185b9a6764d67f9f96f8796f6c",
          "target": "9b88963ddbd1603b0bbca88cfca29781",
          "rate": "20.000",
          "percentRate": "33.333"
        }
      },
      {
        "data": {
          "id": "d05b899989813da4de1c3ce574cfd072",
          "source": "32f13d185b9a6764d67f9f96f8796f6c",
          "target": "a30ebe6d7004dc26a24a989e27550aa2",
          "rate": "20.000",
          "percentRate": "33.333"
        }
      },
      {
        "data": {
          "id": "2b61433d3ae75d11ea7ed3d002af2c60",
          "source": "9b88963ddbd1603b0bbca88cfca29781",
          "target": "4bd6b4e52f760784b8cf5a9ae38241e2",
          "rate": "20.000",
          "percentRate": "50.000"
        }
      },
      {
        "data": {
          "id": "32695edf89b0c3db87effffa9409d575",
          "source": "9b88963ddbd1603b0bbca88cfca29781",
          "target": "9b88963ddbd1603b0bbca88cfca29781",
          "rate": "20.000",
          "percentRate": "50.000"
        }
      },
      {
        "data": {
          "id": "9bdc27314a16a7e9c7d8fc0cd3c55827",
          "source": "a30ebe6d7004dc26a24a989e27550aa2",
          "target": "4bd6b4e52f760784b8cf5a9ae38241e2",
          "rate": "20.000",
          "percentRate": "50.000"
        }
      },
      {
        "data": {
          "id": "2b9280fc4208f3f5d9197e741e7bdf87",
          "source": "a30ebe6d7004dc26a24a989e27550aa2",
          "target": "a30ebe6d7004dc26a24a989e27550aa2",
          "rate": "20.000",
          "percentRate": "50.000"
        }
      }
    ]
  }
}
