{
  "timestamp": 1523364075,
  "elements": {
    "nodes": [
      {
        "data": {
          "id": "1577cdd7de3b143366c3c9bf5ac3b33c",
          "namespace": "istio-system",
          "service": "istio-ingress.istio-system.svc.cluster.local",
          "version": "v1",
          "isRoot": "true"
        }
      },
      {
        "data": {
          "id": "71b83e8e74b0dff11ac9c91111c62506",
          "namespace": "",
          "service": "productpage.bookinfo.svc.cluster.local",
          "isGroup": "version"
        }
      },
      {
        "data": {
          "id": "32f13d185b9a6764d67f9f96f8796f6c",
          "parent": "71b83e8e74b0dff11ac9c91111c62506",
          "namespace": "bookinfo",
          "service": "productpage.bookinfo.svc.cluster.local",
          "version": "v1",
          "rate": "600.000"
        }
      },
      {
        "data": {
          "id": "7650f84fca37e1450453beb7239cbb50",
          "parent": "71b83e8e74b0dff11ac9c91111c62506",
          "namespace": "bookinfo",
          "service": "productpage.bookinfo.svc.cluster.local",
          "version": "v2",
          "rate": "600.000"
        }
      },
      {
        "data": {
          "id": "ad25845da56756075b9ffa2999107f00",
          "namespace": "unknown",
          "service": "unknown",
          "version": "v1",
          "isRoot": "true"
        }
      }
    ],
    "edges": [
      {
        "data": {
          "id": "353bf2e645158031e09965d6a1ba1181",
          "source": "1577cdd7de3b143366c3c9bf5ac3b33c",
          "target": "32f13d185b9a6764d67f9f96f8796f6c",
          "rate": "500.000",
          "percentRate": "50.000"
        }
      },
      {
        "data": {
          "id": "ee6352ef2b36f389a1d03ea7c2f29403",
          "source": "1577cdd7de3b143366c3c9bf5ac3b33c",
          "target": "7650f84fca37e1450453beb7239cbb50",
          "rate": "500.000",
          "percentRate": "50.000"
        }
      },
      {
        "data": {
          "id": "02661ee9eb3e7743e2f564bac89a1784",
          "source": "ad25845da56756075b9ffa2999107f00",
          "target": "32f13d185b9a6764d67f9f96f8796f6c",
          "rate": "100.000",
          "percentRate": "50.000"
        }
      },
      {
        "data": {
          "id": "23e932281aeec7e34fbfa091f16cc582",
          "source": "ad25845da56756075b9ffa2999107f00",
          "target": "7650f84fca37e1450453beb7239cbb50",
          "rate": "100.000",
          "percentRate": "50.000"
        }
      }
    ]
  }
}