{
  "timestamp": 1523364075,
  "graphType": "app",
  "elements": {
    "nodes": [
      {
        "data": {
          "id": "66bce9783dc2dbb5fecb178b0108484e",
          "nodeType": "app",
          "namespace": "bankapp",
          "app": "pricing",
          "destServices": {
            "pricing": true
          },
          "rate": "20.000",
          "isInaccessible": true,
          "isOutside": true
        }
      },
      {
        "data": {
          "id": "6cdb3cf3ee9a17772f13b295368e112a",
          "nodeType": "app",
          "namespace": "bookinfo",
          "app": "details",
          "destServices": {
            "details": true
          },
          "rate": "80.000",
          "rate3XX": "20.000",
          "rate4XX": "20.000",
          "rate5XX": "20.000"
        }
      },
      {
        "data": {
          "id": "2c22af42b0c750749399ed2838c56054",
          "nodeType": "app",
          "namespace": "bookinfo",
          "app": "productpage",
          "destServices": {
            "productpage": true
          },
          "rate": "170.000",
          "rateOut": "160.000",
          "rateTcpSentOut": "31.000"
        }
      },
      {
        "data": {
          "id": "c219903556c3afdb05eda7e610aba628",
          "nodeType": "app",
          "namespace": "bookinfo",
          "app": "ratings",
          "destServices": {
            "ratings": true
          },
          "rate": "40.000"
        }
      },
      {
        "data": {
          "id": "37ddc91db761d432f3fff1943802cad7",
          "nodeType": "app",
          "namespace": "bookinfo",
          "app": "reviews",
          "destServices": {
            "reviews": true
          },
          "rate": "100.000",
          "rateOut": "100.000"
        }
      },
      {
        "data": {
          "id": "4ee8019fc0454770a401b89d427277bf",
          "nodeType": "app",
          "namespace": "bookinfo",
          "app": "tcp",
          "destServices": {
            "tcp": true
          },
          "rateTcpSent": "581.000"
        }
      },
      {
        "data": {
          "id": "19950ddefadd370bf5434953c1944c80",
          "nodeType": "app",
          "namespace": "istio-system",
          "app": "ingressgateway",
          "rateOut": "100.000",
          "rateTcpSentOut": "150.000",
          "isInaccessible": true,
          "isOutside": true,
          "isRoot": true
        }
      },
      {
        "data": {
          "id": "5c33c02dc744d0d03513a364935660b7",
          "nodeType": "unknown",
          "namespace": "unknown",
          "workload": "unknown",
          "app": "unknown",
          "version": "unknown",
          "rateOut": "50.000",
          "rateTcpSentOut": "400.000",
          "isRoot": true
        }
      }
    ],
    "edges": [
      {
        "data": {
          "id": "27371b83763afee92cf29adef487d844",
          "source": "19950ddefadd370bf5434953c1944c80",
          "target": "2c22af42b0c750749399ed2838c56054",
          "rate": "100.000"
        }
      },
      {
        "data": {
          "id": "d4fdd9066e627a2afd3171822388fab4",
          "source": "19950ddefadd370bf5434953c1944c80",
          "target": "4ee8019fc0454770a401b89d427277bf",
          "tcpSentRate": "150.000"
        }
      },
      {
        "data": {
          "id": "e4bbf3d92788d59cf068bc4ef80629f5",
          "source": "2c22af42b0c750749399ed2838c56054",
          "target": "2c22af42b0c750749399ed2838c56054",
          "rate": "20.000",
          "percentRate": "12.500"
        }
      },
      {
        "data": {
          "id": "6ea64c772fbc440bce9306cb06919143",
          "source": "2c22af42b0c750749399ed2838c56054",
          "target": "37ddc91db761d432f3fff1943802cad7",
          "rate": "60.000",
          "percentRate": "37.500"
        }
      },
      {
        "data": {
          "id": "31f1137765289f98de743a8d7d13d2b8",
          "source": "2c22af42b0c750749399ed2838c56054",
          "target": "4ee8019fc0454770a401b89d427277bf",
          "tcpSentRate": "31.000"
        }
      },
      {
        "data": {
          "id": "4fa8419f0227769ceb054eab86fe33f9",
          "source": "2c22af42b0c750749399ed2838c56054",
          "target": "6cdb3cf3ee9a17772f13b295368e112a",
          "rate": "80.000",
          "rate3XX": "20.000",
          "rate4XX": "20.000",
          "rate5XX": "20.000",
          "percentErr": "50.000",
          "percentRate": "50.000"
        }
      },
      {
        "data": {
          "id": "3609dd39b2e93d3eb4f921d64e7bc430",
          "source": "37ddc91db761d432f3fff1943802cad7",
          "target": "37ddc91db761d432f3fff1943802cad7",
          "rate": "40.000",
          "percentRate": "40.000"
        }
      },
      {
        "data": {
          "id": "725fdb0f9f3633b4da2aac68601b000e",
          "source": "37ddc91db761d432f3fff1943802cad7",
          "target": "66bce9783dc2dbb5fecb178b0108484e",
          "rate": "20.000",
          "percentRate": "20.000"
        }
      },
      {
        "data": {
          "id": "979c7a2119351f897d70c74dbed2265c",
          "source": "37ddc91db761d432f3fff1943802cad7",
          "target": "c219903556c3afdb05eda7e610aba628",
          "rate": "40.000",
          "percentRate": "40.000"
        }
      },
      {
        "data": {
          "id": "423f97a4c2e70e194b7295c6055efd76",
          "source": "5c33c02dc744d0d03513a364935660b7",
          "target": "2c22af42b0c750749399ed2838c56054",
          "rate": "50.000"
        }
      },
      {
        "data": {
          "id": "b622398b26d906f5561d70e12cacba74",
          "source": "5c33c02dc744d0d03513a364935660b7",
          "target": "4ee8019fc0454770a401b89d427277bf",
          "tcpSentRate": "400.000"
        }
      }
    ]
  }
}
