{
  "timestamp": 1523364075,
  "duration": 600,
  "graphType": "workload",
  "elements": {
    "nodes": [
      {
        "data": {
          "id": "5cd385c1ee3309ae40828b5702ae57fb",
          "nodeType": "workload",
          "namespace": "bookinfo",
          "workload": "details-v1",
          "app": "details",
          "version": "v1",
          "destServices": {
            "details": true
          },
          "httpIn": "80.00",
          "httpIn3XX": "20.00",
          "httpIn4XX": "20.00",
          "httpIn5XX": "20.00"
        }
      },
      {
        "data": {
          "id": "240c2314cefc993c5d9479a5c349fbd2",
          "nodeType": "workload",
          "namespace": "bookinfo",
          "workload": "productpage-v1",
          "app": "productpage",
          "version": "v1",
          "destServices": {
            "productpage": true
          },
          "httpIn": "170.00",
          "httpOut": "160.00",
          "tcpOut": "31.00"
        }
      },
      {
        "data": {
          "id": "fc3e7c5bb695ef8ed8ab2c5f6ac4725b",
          "nodeType": "workload",
          "namespace": "bookinfo",
          "workload": "reviews-v1",
          "app": "reviews",
          "version": "v1",
          "destServices": {
            "reviews": true
          },
          "httpIn": "20.00"
        }
      },
      {
        "data": {
          "id": "9e97011b2086f59a90626cfd5cf23fbf",
          "nodeType": "workload",
          "namespace": "bookinfo",
          "workload": "reviews-v2",
          "app": "reviews",
          "version": "v2",
          "destServices": {
            "reviews": true
          },
          "httpIn": "20.00"
        }
      },
      {
        "data": {
          "id": "731126638001dfa2b6cbeb3b326b6678",
          "nodeType": "workload",
          "namespace": "bookinfo",
          "workload": "reviews-v3",
          "app": "reviews",
          "version": "v3",
          "destServices": {
            "reviews": true
          },
          "httpIn": "20.00"
        }
      },
      {
        "data": {
          "id": "9c4a705d62316000f11544ec6d27cdc6",
          "nodeType": "workload",
          "namespace": "bookinfo",
          "workload": "tcp-v1",
          "app": "tcp",
          "version": "v1",
          "destServices": {
            "tcp": true
          },
          "tcpIn": "31.00"
        }
      },
      {
        "data": {
          "id": "c72e12859eac1424516065e6a64c92e0",
          "nodeType": "workload",
          "namespace": "istio-system",
          "workload": "ingressgateway-unknown",
          "app": "ingressgateway",
          "httpOut": "100.00",
          "isInaccessible": true,
          "isOutside": true,
          "isRoot": true
        }
      },
      {
        "data": {
          "id": "b30b0078325bf2e1adb4d57c4c0c2665",
          "nodeType": "unknown",
          "namespace": "unknown",
          "workload": "unknown",
          "app": "unknown",
          "version": "unknown",
          "httpOut": "50.00",
          "isInaccessible": true,
          "isRoot": true
        }
      }
    ],
    "edges": [
      {
        "data": {
          "id": "710c2bf1d8a5b3fc854451e7346e05f5",
          "source": "240c2314cefc993c5d9479a5c349fbd2",
          "target": "240c2314cefc993c5d9479a5c349fbd2",
          "http": "20.00",
          "httpPercentReq": "12.5"
        }
      },
      {
        "data": {
          "id": "df66cffc756bf9983dd453837e4e14a7",
          "source": "240c2314cefc993c5d9479a5c349fbd2",
          "target": "5cd385c1ee3309ae40828b5702ae57fb",
          "http": "80.00",
          "http3XX": "20.00",
          "http4XX": "20.00",
          "http5XX": "20.00",
          "httpPercentErr": "50.0",
          "httpPercentReq": "50.0"
        }
      },
      {
        "data": {
          "id": "1da31b81ccaf408abccbc57071458462",
          "source": "240c2314cefc993c5d9479a5c349fbd2",
          "target": "731126638001dfa2b6cbeb3b326b6678",
          "http": "20.00",
          "httpPercentReq": "12.5"
        }
      },
      {
        "data": {
          "id": "cc4b63704dba836d37dd97aacf75afee",
          "source": "240c2314cefc993c5d9479a5c349fbd2",
          "target": "9c4a705d62316000f11544ec6d27cdc6",
          "tcp": "31.00"
        }
      },
      {
        "data": {
          "id": "c2ab8814859ec0974c5efd597b5bb4fd",
          "source": "240c2314cefc993c5d9479a5c349fbd2",
          "target": "9e97011b2086f59a90626cfd5cf23fbf",
          "http": "20.00",
          "httpPercentReq": "12.5"
        }
      },
      {
        "data": {
          "id": "943e5cc1b00d97a8a344fe1efd941130",
          "source": "240c2314cefc993c5d9479a5c349fbd2",
          "target": "fc3e7c5bb695ef8ed8ab2c5f6ac4725b",
          "http": "20.00",
          "httpPercentReq": "12.5"
        }
      },
      {
        "data": {
          "id": "b38eaa93622c6c652c3daf15b31a476d",
          "source": "b30b0078325bf2e1adb4d57c4c0c2665",
          "target": "240c2314cefc993c5d9479a5c349fbd2",
          "http": "50.00"
        }
      },
      {
        "data": {
          "id": "347e210a97f5235b5a60b810ef1bfaa6",
          "source": "c72e12859eac1424516065e6a64c92e0",
          "target": "240c2314cefc993c5d9479a5c349fbd2",
          "http": "100.00"
        }
      }
    ]
  }
}
