{
  "timestamp": 1523364075,
  "duration": 600,
  "graphType": "versionedApp",
  "elements": {
    "nodes": [
      {
        "data": {
          "id": "4dbce17737348d2e200a0b22fea3145b",
          "nodeType": "app",
          "namespace": "bookinfo",
          "app": "reviews",
          "isGroup": "app"
        }
      },
      {
        "data": {
          "id": "50113397f439f05f3280ad0772b9b307",
          "nodeType": "app",
          "namespace": "bookinfo",
          "workload": "details-v1",
          "app": "details",
          "version": "v1",
          "destServices": {
            "details": true
          },
          "httpIn": "80.00",
          "httpIn3XX": "20.00",
          "httpIn4XX": "20.00",
          "httpIn5XX": "20.00"
        }
      },
      {
        "data": {
          "id": "a1ffc0d6abdf480e17b214b85257e633",
          "nodeType": "app",
          "namespace": "bookinfo",
          "workload": "productpage-v1",
          "app": "productpage",
          "version": "v1",
          "destServices": {
            "productpage": true
          },
          "httpIn": "170.00",
          "httpOut": "160.00",
          "tcpOut": "31.00"
        }
      },
      {
        "data": {
          "id": "acd188a125352509e86ce104323c5d4f",
          "parent": "4dbce17737348d2e200a0b22fea3145b",
          "nodeType": "app",
          "namespace": "bookinfo",
          "workload": "reviews-v1",
          "app": "reviews",
          "version": "v1",
          "destServices": {
            "reviews": true
          },
          "httpIn": "20.00"
        }
      },
      {
        "data": {
          "id": "5cb6f79f37cb95cf40ea6fb23779b0e6",
          "parent": "4dbce17737348d2e200a0b22fea3145b",
          "nodeType": "app",
          "namespace": "bookinfo",
          "workload": "reviews-v2",
          "app": "reviews",
          "version": "v2",
          "destServices": {
            "reviews": true
          },
          "httpIn": "20.00"
        }
      },
      {
        "data": {
          "id": "dd4c5162b7f38a52e7f984766f88d807",
          "parent": "4dbce17737348d2e200a0b22fea3145b",
          "nodeType": "app",
          "namespace": "bookinfo",
          "workload": "reviews-v3",
          "app": "reviews",
          "version": "v3",
          "destServices": {
            "reviews": true
          },
          "httpIn": "20.00"
        }
      },
      {
        "data": {
          "id": "2a4ce65a837db250466f2cbf1cdd7357",
          "nodeType": "app",
          "namespace": "bookinfo",
          "workload": "tcp-v1",
          "app": "tcp",
          "version": "v1",
          "destServices": {
            "tcp": true
          },
          "tcpIn": "31.00"
        }
      },
      {
        "data": {
          "id": "933d90e5172f69af1baa035e8a8ad27c",
          "nodeType": "app",
          "namespace": "istio-system",
          "workload": "ingressgateway-unknown",
          "app": "ingressgateway",
          "version": "unknown",
          "httpOut": "100.00",
          "isInaccessible": true,
          "isOutside": true,
          "isRoot": true
        }
      },
      {
        "data": {
          "id": "b30b0078325bf2e1adb4d57c4c0c2665",
          "nodeType": "unknown",
          "namespace": "unknown",
          "workload": "unknown",
          "app": "unknown",
          "version": "unknown",
          "httpOut": "50.00",
          "isInaccessible": true,
          "isRoot": true
        }
      }
    ],
    "edges": [
      {
        "data": {
          "id": "8088ca79aa13e423747334c532144c4f",
          "source": "933d90e5172f69af1baa035e8a8ad27c",
          "target": "a1ffc0d6abdf480e17b214b85257e633",
          "http": "100.00"
        }
      },
      {
        "data": {
          "id": "fa6b92c07cf9c0ba681192a89cde4ec6",
          "source": "a1ffc0d6abdf480e17b214b85257e633",
          "target": "2a4ce65a837db250466f2cbf1cdd7357",
          "tcp": "31.00"
        }
      },
      {
        "data": {
          "id": "9f6a2ed75734d99002d37ac867190b9e",
          "source": "a1ffc0d6abdf480e17b214b85257e633",
          "target": "50113397f439f05f3280ad0772b9b307",
          "http": "80.00",
          "http3XX": "20.00",
          "http4XX": "20.00",
          "http5XX": "20.00",
          "httpPercentErr": "50.0",
          "httpPercentReq": "50.0"
        }
      },
      {
        "data": {
          "id": "0d38eb7edb4da38dac33b79a24c3c208",
          "source": "a1ffc0d6abdf480e17b214b85257e633",
          "target": "5cb6f79f37cb95cf40ea6fb23779b0e6",
          "http": "20.00",
          "httpPercentReq": "12.5"
        }
      },
      {
        "data": {
          "id": "4ab6875deb3c0cbec4c8f260841f3d24",
          "source": "a1ffc0d6abdf480e17b214b85257e633",
          "target": "a1ffc0d6abdf480e17b214b85257e633",
          "http": "20.00",
          "httpPercentReq": "12.5"
        }
      },
      {
        "data": {
          "id": "1e0acd7daba1b394b6d5be3cb5caf68b",
          "source": "a1ffc0d6abdf480e17b214b85257e633",
          "target": "acd188a125352509e86ce104323c5d4f",
          "http": "20.00",
          "httpPercentReq": "12.5"
        }
      },
      {
        "data": {
          "id": "d99fa824b2d85a2053f51fe3bd94ef60",
          "source": "a1ffc0d6abdf480e17b214b85257e633",
          "target": "dd4c5162b7f38a52e7f984766f88d807",
          "http": "20.00",
          "httpPercentReq": "12.5"
        }
      },
      {
        "data": {
          "id": "e0040271cbc5fd1bcf9e605d7a2c367d",
          "source": "b30b0078325bf2e1adb4d57c4c0c2665",
          "target": "a1ffc0d6abdf480e17b214b85257e633",
          "http": "50.00"
        }
      }
    ]
  }
}
